------------------------------------------------------------
TimeQuest Timing Analyzer Summary
------------------------------------------------------------

Type  : Slow 1200mV 85C Model Setup 'CLOCK_50'
Slack : -9.899
TNS   : -5778.887

Type  : Slow 1200mV 85C Model Setup 'vga_controller:vgasync_instance|vs'
Slack : -2.881
TNS   : -33.817

Type  : Slow 1200mV 85C Model Setup 'vga_controller:vgasync_instance|clkdiv'
Slack : -2.506
TNS   : -57.557

Type  : Slow 1200mV 85C Model Hold 'CLOCK_50'
Slack : 0.333
TNS   : 0.000

Type  : Slow 1200mV 85C Model Hold 'vga_controller:vgasync_instance|clkdiv'
Slack : 0.367
TNS   : 0.000

Type  : Slow 1200mV 85C Model Hold 'vga_controller:vgasync_instance|vs'
Slack : 0.405
TNS   : 0.000

Type  : Slow 1200mV 85C Model Minimum Pulse Width 'CLOCK_50'
Slack : -3.000
TNS   : -2046.126

Type  : Slow 1200mV 85C Model Minimum Pulse Width 'vga_controller:vgasync_instance|clkdiv'
Slack : -1.285
TNS   : -47.545

Type  : Slow 1200mV 85C Model Minimum Pulse Width 'vga_controller:vgasync_instance|vs'
Slack : -1.285
TNS   : -17.990

Type  : Slow 1200mV 0C Model Setup 'CLOCK_50'
Slack : -9.025
TNS   : -5223.447

Type  : Slow 1200mV 0C Model Setup 'vga_controller:vgasync_instance|vs'
Slack : -2.545
TNS   : -29.729

Type  : Slow 1200mV 0C Model Setup 'vga_controller:vgasync_instance|clkdiv'
Slack : -2.226
TNS   : -49.644

Type  : Slow 1200mV 0C Model Hold 'CLOCK_50'
Slack : 0.318
TNS   : 0.000

Type  : Slow 1200mV 0C Model Hold 'vga_controller:vgasync_instance|clkdiv'
Slack : 0.347
TNS   : 0.000

Type  : Slow 1200mV 0C Model Hold 'vga_controller:vgasync_instance|vs'
Slack : 0.356
TNS   : 0.000

Type  : Slow 1200mV 0C Model Minimum Pulse Width 'CLOCK_50'
Slack : -3.000
TNS   : -2013.038

Type  : Slow 1200mV 0C Model Minimum Pulse Width 'vga_controller:vgasync_instance|clkdiv'
Slack : -1.285
TNS   : -47.545

Type  : Slow 1200mV 0C Model Minimum Pulse Width 'vga_controller:vgasync_instance|vs'
Slack : -1.285
TNS   : -17.990

Type  : Fast 1200mV 0C Model Setup 'CLOCK_50'
Slack : -4.454
TNS   : -2533.137

Type  : Fast 1200mV 0C Model Setup 'vga_controller:vgasync_instance|vs'
Slack : -0.829
TNS   : -9.050

Type  : Fast 1200mV 0C Model Setup 'vga_controller:vgasync_instance|clkdiv'
Slack : -0.819
TNS   : -12.851

Type  : Fast 1200mV 0C Model Hold 'CLOCK_50'
Slack : 0.055
TNS   : 0.000

Type  : Fast 1200mV 0C Model Hold 'vga_controller:vgasync_instance|clkdiv'
Slack : 0.170
TNS   : 0.000

Type  : Fast 1200mV 0C Model Hold 'vga_controller:vgasync_instance|vs'
Slack : 0.182
TNS   : 0.000

Type  : Fast 1200mV 0C Model Minimum Pulse Width 'CLOCK_50'
Slack : -3.000
TNS   : -864.477

Type  : Fast 1200mV 0C Model Minimum Pulse Width 'vga_controller:vgasync_instance|clkdiv'
Slack : -1.000
TNS   : -37.000

Type  : Fast 1200mV 0C Model Minimum Pulse Width 'vga_controller:vgasync_instance|vs'
Slack : -1.000
TNS   : -14.000

------------------------------------------------------------
