------------------------------------------------------------
TimeQuest Timing Analyzer Summary
------------------------------------------------------------

Type  : Slow 1200mV 85C Model Setup 'CLOCK_50'
Slack : -2.512
TNS   : -52.258

Type  : Slow 1200mV 85C Model Setup 'vga_controller:vgasync_instance|clkdiv'
Slack : -2.493
TNS   : -38.405

Type  : Slow 1200mV 85C Model Hold 'CLOCK_50'
Slack : 0.404
TNS   : 0.000

Type  : Slow 1200mV 85C Model Hold 'vga_controller:vgasync_instance|clkdiv'
Slack : 0.659
TNS   : 0.000

Type  : Slow 1200mV 85C Model Minimum Pulse Width 'CLOCK_50'
Slack : -3.000
TNS   : -33.840

Type  : Slow 1200mV 85C Model Minimum Pulse Width 'vga_controller:vgasync_instance|clkdiv'
Slack : -1.285
TNS   : -28.270

Type  : Slow 1200mV 0C Model Setup 'CLOCK_50'
Slack : -2.219
TNS   : -45.770

Type  : Slow 1200mV 0C Model Setup 'vga_controller:vgasync_instance|clkdiv'
Slack : -2.119
TNS   : -33.485

Type  : Slow 1200mV 0C Model Hold 'CLOCK_50'
Slack : 0.355
TNS   : 0.000

Type  : Slow 1200mV 0C Model Hold 'vga_controller:vgasync_instance|clkdiv'
Slack : 0.599
TNS   : 0.000

Type  : Slow 1200mV 0C Model Minimum Pulse Width 'CLOCK_50'
Slack : -3.000
TNS   : -33.840

Type  : Slow 1200mV 0C Model Minimum Pulse Width 'vga_controller:vgasync_instance|clkdiv'
Slack : -1.285
TNS   : -28.270

Type  : Fast 1200mV 0C Model Setup 'vga_controller:vgasync_instance|clkdiv'
Slack : -0.716
TNS   : -8.481

Type  : Fast 1200mV 0C Model Setup 'CLOCK_50'
Slack : -0.659
TNS   : -13.034

Type  : Fast 1200mV 0C Model Hold 'CLOCK_50'
Slack : 0.183
TNS   : 0.000

Type  : Fast 1200mV 0C Model Hold 'vga_controller:vgasync_instance|clkdiv'
Slack : 0.299
TNS   : 0.000

Type  : Fast 1200mV 0C Model Minimum Pulse Width 'CLOCK_50'
Slack : -3.000
TNS   : -28.631

Type  : Fast 1200mV 0C Model Minimum Pulse Width 'vga_controller:vgasync_instance|clkdiv'
Slack : -1.000
TNS   : -22.000

------------------------------------------------------------
