------------------------------------------------------------
TimeQuest Timing Analyzer Summary
------------------------------------------------------------

Type  : Slow 1200mV 85C Model Setup 'CLOCK_50'
Slack : -9.176
TNS   : -4761.555

Type  : Slow 1200mV 85C Model Setup 'vga_controller:vgasync_instance|clkdiv'
Slack : -2.419
TNS   : -53.492

Type  : Slow 1200mV 85C Model Hold 'CLOCK_50'
Slack : 0.199
TNS   : 0.000

Type  : Slow 1200mV 85C Model Hold 'vga_controller:vgasync_instance|clkdiv'
Slack : 0.402
TNS   : 0.000

Type  : Slow 1200mV 85C Model Minimum Pulse Width 'CLOCK_50'
Slack : -3.000
TNS   : -1539.842

Type  : Slow 1200mV 85C Model Minimum Pulse Width 'vga_controller:vgasync_instance|clkdiv'
Slack : -1.285
TNS   : -41.120

Type  : Slow 1200mV 0C Model Setup 'CLOCK_50'
Slack : -8.259
TNS   : -4307.701

Type  : Slow 1200mV 0C Model Setup 'vga_controller:vgasync_instance|clkdiv'
Slack : -2.122
TNS   : -45.844

Type  : Slow 1200mV 0C Model Hold 'CLOCK_50'
Slack : 0.193
TNS   : 0.000

Type  : Slow 1200mV 0C Model Hold 'vga_controller:vgasync_instance|clkdiv'
Slack : 0.353
TNS   : 0.000

Type  : Slow 1200mV 0C Model Minimum Pulse Width 'CLOCK_50'
Slack : -3.000
TNS   : -1515.026

Type  : Slow 1200mV 0C Model Minimum Pulse Width 'vga_controller:vgasync_instance|clkdiv'
Slack : -1.285
TNS   : -41.120

Type  : Fast 1200mV 0C Model Setup 'CLOCK_50'
Slack : -4.091
TNS   : -2076.059

Type  : Fast 1200mV 0C Model Setup 'vga_controller:vgasync_instance|clkdiv'
Slack : -0.650
TNS   : -10.342

Type  : Fast 1200mV 0C Model Hold 'CLOCK_50'
Slack : -0.016
TNS   : -0.016

Type  : Fast 1200mV 0C Model Hold 'vga_controller:vgasync_instance|clkdiv'
Slack : 0.180
TNS   : 0.000

Type  : Fast 1200mV 0C Model Minimum Pulse Width 'CLOCK_50'
Slack : -3.000
TNS   : -652.697

Type  : Fast 1200mV 0C Model Minimum Pulse Width 'vga_controller:vgasync_instance|clkdiv'
Slack : -1.000
TNS   : -32.000

------------------------------------------------------------
